Processing az-delivery-devkit-v4 (platform: espressif32@^6.9.0; framework: arduino; board: az-delivery-devkit-v4)
--------------------------------------------------------------------------------
Verbose mode can be enabled via `-v, --verbose` option
CONFIGURATION: https://docs.platformio.org/page/boards/espressif32/az-delivery-devkit-v4.html
PLATFORM: Espressif 32 (6.12.0) > AZ-Delivery ESP-32 Dev Kit C V4
HARDWARE: ESP32 240MHz, 520KB RAM, 4MB Flash
DEBUG: Current (cmsis-dap) External (cmsis-dap, esp-bridge, esp-prog, iot-bus-jtag, jlink, minimodule, olimex-arm-usb-ocd, olimex-arm-usb-ocd-h, olimex-arm-usb-tiny-h, olimex-jtag-tiny, tumpa)
PACKAGES: 
 - framework-arduinoespressif32 @ 3.20017.241212+sha.dcc1105b 
 - tool-esptoolpy @ 2.40900.250804 (4.9.0) 
 - tool-openocd-esp32 @ 2.1100.20220706 (11.0) 
 - toolchain-xtensa-esp32 @ 8.4.0+2021r2-patch5
LDF: Library Dependency Finder -> https://bit.ly/configure-pio-ldf
LDF Modes: Finder ~ chain, Compatibility ~ strict
Found 38 compatible libraries
Scanning dependencies...
Dependency Graph
|-- SensESP @ 3.2.2
|-- ArduinoJson @ 7.4.2
|-- SPIFFS @ 2.0.0
Building in release mode
Compiling .pio\build\az-delivery-devkit-v4\src\main.cpp.o
Compiling .pio\build\az-delivery-devkit-v4\src\services\BoatAnchorApp.cpp.o
Compiling .pio\build\az-delivery-devkit-v4\src\services\EmergencyStopService.cpp.o
Compiling .pio\build\az-delivery-devkit-v4\src\services\SignalKService.cpp.o
pio : In file included from src/services/BoatAnchorApp.cpp:1:
At line:1 char:1
+ pio run -e az-delivery-devkit-v4 > build_output.txt 2>&1; if ($LASTEX ...
+ ~~~~~~~~~~~~~~~~~~~~~~~~~~~~~~~~~~~~~~~~~~~~~~~~~~~~~~~~
    + CategoryInfo          : NotSpecified: (In file include...nchorApp.cpp:1: 
   :String) [], RemoteException
    + FullyQualifiedErrorId : NativeCommandError
 
include/services/BoatAnchorApp.h:123:5: error: 'ESP32BowPropellerMotor' does 
not name a type; did you mean 'BowPropellerMotor'?
     ESP32BowPropellerMotor bow_propeller_motor_;
     ^~~~~~~~~~~~~~~~~~~~~~
     BowPropellerMotor
src/services/BoatAnchorApp.cpp: In member function 'void 
BoatAnchorApp::initializeHardware()':
src/services/BoatAnchorApp.cpp:82:5: error: 'bow_propeller_motor_' was not 
declared in this scope
     bow_propeller_motor_.initialize();
     ^~~~~~~~~~~~~~~~~~~~
src/services/BoatAnchorApp.cpp:82:5: note: suggested alternative: 
'bow_propeller_controller_'
     bow_propeller_motor_.initialize();
     ^~~~~~~~~~~~~~~~~~~~
     bow_propeller_controller_
src/services/BoatAnchorApp.cpp: In member function 'void 
BoatAnchorApp::initializeControllers()':
src/services/BoatAnchorApp.cpp:98:60: error: 'bow_propeller_motor_' was not 
declared in this scope
     bow_propeller_controller_ = new 
BowPropellerController(bow_propeller_motor_);
                                                            
^~~~~~~~~~~~~~~~~~~~
src/services/BoatAnchorApp.cpp:98:60: note: suggested alternative: 
'bow_propeller_controller_'
     bow_propeller_controller_ = new 
BowPropellerController(bow_propeller_motor_);
                                                            
^~~~~~~~~~~~~~~~~~~~
                                                            
bow_propeller_controller_
In file included from 
.pio/libdeps/az-delivery-devkit-v4/SensESP/src/sensesp/system/led_blinker.h:7,
                 from .pio/libdeps/az-delivery-devkit-v4/SensESP/src/sensesp/sy
stem/system_status_led.h:8,
                 from 
.pio/libdeps/az-delivery-devkit-v4/SensESP/src/sensesp_app.h:18,
                 from src/services/SignalKService.cpp:5:
.pio/libdeps/az-delivery-devkit-v4/SensESP/src/sensesp/system/crgb.h:95:29: 
warning: inline variables are only available with -std=c++17 or -std=gnu++17
 inline constexpr CRGB CRGB::Black{0, 0, 0};
                             ^~~~~
.pio/libdeps/az-delivery-devkit-v4/SensESP/src/sensesp/system/crgb.h:96:29: 
warning: inline variables are only available with -std=c++17 or -std=gnu++17
 inline constexpr CRGB CRGB::Red{255, 0, 0};
                             ^~~
.pio/libdeps/az-delivery-devkit-v4/SensESP/src/sensesp/system/crgb.h:97:29: 
warning: inline variables are only available with -std=c++17 or -std=gnu++17
 inline constexpr CRGB CRGB::Yellow{255, 255, 0};
                             ^~~~~~
.pio/libdeps/az-delivery-devkit-v4/SensESP/src/sensesp/system/crgb.h:98:29: 
warning: inline variables are only available with -std=c++17 or -std=gnu++17
 inline constexpr CRGB CRGB::Blue{0, 0, 255};
                             ^~~~
In file included from 
.pio/libdeps/az-delivery-devkit-v4/SensESP/src/sensesp/system/led_blinker.h:7,
                 from .pio/libdeps/az-delivery-devkit-v4/SensESP/src/sensesp/sy
stem/system_status_led.h:8,
                 from 
.pio/libdeps/az-delivery-devkit-v4/SensESP/src/sensesp_app.h:18,
                 from 
.pio/libdeps/az-delivery-devkit-v4/SensESP/src/sensesp_app_builder.h:10,
                 from src/main.cpp:4:
.pio/libdeps/az-delivery-devkit-v4/SensESP/src/sensesp/system/crgb.h:95:29: 
warning: inline variables are only available with -std=c++17 or -std=gnu++17
 inline constexpr CRGB CRGB::Black{0, 0, 0};
                             ^~~~~
.pio/libdeps/az-delivery-devkit-v4/SensESP/src/sensesp/system/crgb.h:96:29: 
warning: inline variables are only available with -std=c++17 or -std=gnu++17
 inline constexpr CRGB CRGB::Red{255, 0, 0};
                             ^~~
.pio/libdeps/az-delivery-devkit-v4/SensESP/src/sensesp/system/crgb.h:97:29: 
warning: inline variables are only available with -std=c++17 or -std=gnu++17
 inline constexpr CRGB CRGB::Yellow{255, 255, 0};
                             ^~~~~~
.pio/libdeps/az-delivery-devkit-v4/SensESP/src/sensesp/system/crgb.h:98:29: 
warning: inline variables are only available with -std=c++17 or -std=gnu++17
 inline constexpr CRGB CRGB::Blue{0, 0, 255};
                             ^~~~
In file included from src/main.cpp:9:
include/services/BoatAnchorApp.h:123:5: error: 'ESP32BowPropellerMotor' does 
not name a type; did you mean 'BowPropellerMotor'?
     ESP32BowPropellerMotor bow_propeller_motor_;
     ^~~~~~~~~~~~~~~~~~~~~~
     BowPropellerMotor
*** [.pio\build\az-delivery-devkit-v4\src\services\BoatAnchorApp.cpp.o] Error 1
*** [.pio\build\az-delivery-devkit-v4\src\main.cpp.o] Error 1
========================== [FAILED] Took 7.08 seconds 
==========================

Environment            Status    Duration
---------------------  --------  ------------
az-delivery-devkit-v4  FAILED    00:00:07.080
==================== 1 failed, 0 succeeded in 00:00:07.080 ====================
